\BOOKMARK [1][-]{section.1}{\376\377\060\244\060\363\060\310\060\355\060\300\060\257\060\267\060\347\060\363}{}% 1
\BOOKMARK [1][-]{section.2}{\376\377\225\242\220\043\170\024\172\166}{}% 2
\BOOKMARK [2][-]{subsection.2.1}{\376\377\120\013\116\272\166\204\122\307\154\027\060\150\210\114\122\325\122\115\060\156\121\205\166\204\162\266\141\113}{section.2}% 3
\BOOKMARK [2][-]{subsection.2.2}{\376\377\211\263\133\337\133\146\177\322\060\150\060\342\060\307\060\353\060\156\116\213\122\115\162\171\140\047\117\235\133\130\140\047}{section.2}% 4
\BOOKMARK [2][-]{subsection.2.3}{\376\377\060\355\060\334\060\303\060\310\060\373\116\272\135\345\060\250\060\374\060\270\060\247\060\363\060\310\060\153\060\210\060\213\060\342\060\307\060\352\060\363\060\260}{section.2}% 5
\BOOKMARK [2][-]{subsection.2.4}{\376\377\060\355\060\334\060\303\060\310\060\153\060\210\060\213\121\205\166\204\162\266\141\113\060\156\131\026\127\050\123\026}{section.2}% 6
\BOOKMARK [1][-]{section.3}{\376\377\122\325\165\073\122\072\157\300\060\156\212\055\212\010}{}% 7
\BOOKMARK [2][-]{subsection.3.1}{\376\377\122\072\157\300\130\064\227\142}{section.3}% 8
\BOOKMARK [2][-]{subsection.3.2}{\376\377\122\325\165\073\122\072\157\300\060\156\121\161\220\032\151\313\142\020}{section.3}% 9
\BOOKMARK [2][-]{subsection.3.3}{\376\377\143\245\217\321\122\325\152\137\060\150\126\336\220\177\122\325\152\137}{section.3}% 10
\BOOKMARK [1][-]{section.4}{\376\377\170\024\172\166\0001\377\032\143\245\217\321\126\336\220\177\204\133\205\344\060\222\171\072\060\131\060\355\060\334\060\303\060\310\060\157\122\307\154\027\060\102\060\213\131\377\060\150\060\127\060\146\167\345\211\232\060\125\060\214\060\213\060\113}{}% 11
\BOOKMARK [2][-]{subsection.4.1}{\376\377\166\356\166\204}{section.4}% 12
\BOOKMARK [2][-]{subsection.4.2}{\376\377\145\271\154\325}{section.4}% 13
\BOOKMARK [3][-]{subsubsection.4.2.1}{\376\377\000C\000o\000n\000d\000i\000t\000i\000o\000n\000s}{subsection.4.2}% 14
\BOOKMARK [3][-]{subsubsection.4.2.2}{\376\377\000M\000e\000a\000s\000u\000r\000e\000m\000e\000n\000t}{subsection.4.2}% 15
\BOOKMARK [3][-]{subsubsection.4.2.3}{\376\377\000P\000r\000o\000c\000e\000d\000u\000r\000e}{subsection.4.2}% 16
\BOOKMARK [3][-]{subsubsection.4.2.4}{\376\377\000P\000a\000r\000t\000i\000c\000i\000p\000a\000n\000t\000s}{subsection.4.2}% 17
\BOOKMARK [2][-]{subsection.4.3}{\376\377\175\120\147\234}{section.4}% 18
\BOOKMARK [2][-]{subsection.4.4}{\376\377\200\003\133\337}{section.4}% 19
\BOOKMARK [1][-]{section.5}{\376\377\170\024\172\166\0002\377\032\122\307\154\027\060\102\060\213\131\377\060\150\060\127\060\146\167\345\211\232\060\125\060\214\060\213\060\355\060\334\060\303\060\310\060\156\211\263\133\337\060\157\211\263\133\337\200\005\201\352\216\253\060\156\120\013\116\272\166\204\122\307\154\027\060\156\201\352\135\361\212\125\117\241\060\153\137\161\227\377\060\131\060\213\060\113}{}% 20
\BOOKMARK [2][-]{subsection.5.1}{\376\377\166\356\166\204}{section.5}% 21
\BOOKMARK [2][-]{subsection.5.2}{\376\377\145\271\154\325}{section.5}% 22
\BOOKMARK [3][-]{subsubsection.5.2.1}{\376\377\000C\000o\000n\000d\000i\000t\000i\000o\000n\000s}{subsection.5.2}% 23
\BOOKMARK [3][-]{subsubsection.5.2.2}{\376\377\000M\000e\000a\000s\000u\000r\000e\000m\000e\000n\000t}{subsection.5.2}% 24
\BOOKMARK [3][-]{subsubsection.5.2.3}{\376\377\000P\000r\000o\000c\000e\000d\000u\000r\000e}{subsection.5.2}% 25
\BOOKMARK [3][-]{subsubsection.5.2.4}{\376\377\000P\000a\000r\000t\000i\000c\000i\000p\000a\000n\000t\000s}{subsection.5.2}% 26
\BOOKMARK [2][-]{subsection.5.3}{\376\377\175\120\147\234}{section.5}% 27
\BOOKMARK [2][-]{subsection.5.4}{\376\377\200\003\133\337}{section.5}% 28
\BOOKMARK [1][-]{section.6}{\376\377\175\317\124\010\175\120\212\326}{}% 29
\BOOKMARK [1][-]{section.7}{\376\377\226\120\165\114\060\150\116\312\137\214\060\156\134\125\147\033}{}% 30
